{
  "Get-AzCdnOriginGroup+[NoContext]+List+$GET+https://management.azure.com/subscriptions/27cafca8-b9a4-4264-b399-45d0c9cca1ab/resourceGroups/testps-rg-g51i/providers/Microsoft.Cdn/profiles/p-hmv7yj/endpoints/ps-2024-0901-domain010/originGroups?api-version=2025-04-15+1": {
    "Request": {
      "Method": "GET",
      "RequestUri": "https://management.azure.com/subscriptions/27cafca8-b9a4-4264-b399-45d0c9cca1ab/resourceGroups/testps-rg-g51i/providers/Microsoft.Cdn/profiles/p-hmv7yj/endpoints/ps-2024-0901-domain010/originGroups?api-version=2025-04-15",
      "Content": null,
      "isContentBase64": false,
      "Headers": {
        "x-ms-unique-id": [ "191" ],
        "x-ms-client-request-id": [ "ebedff8e-f8f7-4795-a6c9-f21b0ff6a480" ],
        "CommandName": [ "Get-AzCdnOriginGroup" ],
        "FullCommandName": [ "Get-AzCdnOriginGroup_List" ],
        "ParameterSetName": [ "__AllParameterSets" ],
        "User-Agent": [ "AzurePowershell/v13.2.0", "PSVersion/v7.5.3", "Az.Cdn/0.1.0" ],
        "Authorization": [ "[Filtered]" ]
      },
      "ContentHeaders": {
      }
    },
    "Response": {
      "StatusCode": 200,
      "Headers": {
        "Cache-Control": [ "no-cache" ],
        "Pragma": [ "no-cache" ],
        "Strict-Transport-Security": [ "max-age=31536000; includeSubDomains" ],
        "x-ms-request-id": [ "abe67acc-5cdd-444e-9a50-934bb53be1ce" ],
        "x-ms-client-request-id": [ "ebedff8e-f8f7-4795-a6c9-f21b0ff6a480" ],
        "x-ms-operation-identifier": [ "tenantId=72f988bf-86f1-41af-91ab-2d7cd011db47,objectId=2e396a67-4dc1-43ae-afcc-c6747d291866/westus/667dadb1-ed39-4575-a0c3-b94d1f26e1e6" ],
        "x-ms-ratelimit-remaining-subscription-reads": [ "1098" ],
        "x-ms-ratelimit-remaining-subscription-global-reads": [ "16498" ],
        "x-ms-correlation-request-id": [ "f84da48c-fd8a-45e7-b138-f124a2d16a48" ],
        "x-ms-routing-request-id": [ "WESTUS:20251029T041839Z:f84da48c-fd8a-45e7-b138-f124a2d16a48" ],
        "X-Content-Type-Options": [ "nosniff" ],
        "X-Cache": [ "CONFIG_NOCACHE" ],
        "X-MSEdge-Ref": [ "Ref A: 543553681D854F09A5CD366115291035 Ref B: SYD03EDGE1114 Ref C: 2025-10-29T04:18:38Z" ],
        "Date": [ "Wed, 29 Oct 2025 04:18:38 GMT" ]
      },
      "ContentHeaders": {
        "Content-Length": [ "785" ],
        "Content-Type": [ "application/json; charset=utf-8" ],
        "Expires": [ "-1" ]
      },
      "Content": "{\"value\":[{\"id\":\"/subscriptions/27cafca8-b9a4-4264-b399-45d0c9cca1ab/resourcegroups/testps-rg-g51i/providers/Microsoft.Cdn/profiles/p-hmv7yj/endpoints/ps-2024-0901-domain010/origingroups/originGroup1\",\"type\":\"Microsoft.Cdn/profiles/endpoints/origingroups\",\"name\":\"originGroup1\",\"properties\":{\"healthProbeSettings\":{\"probePath\":\"/health.aspx\",\"probeRequestType\":\"GET\",\"probeProtocol\":\"Https\",\"probeIntervalInSeconds\":240},\"responseBasedOriginErrorDetectionSettings\":null,\"trafficRestorationTimeToHealedOrNewEndpointsInMinutes\":null,\"origins\":[{\"id\":\"/subscriptions/27cafca8-b9a4-4264-b399-45d0c9cca1ab/resourcegroups/testps-rg-g51i/providers/Microsoft.Cdn/profiles/p-hmv7yj/endpoints/ps-2024-0901-domain010/origins/origin1\"}],\"resourceState\":\"Active\",\"provisioningState\":\"Succeeded\"}}]}",
      "isContentBase64": false
    }
  },
  "Get-AzCdnOriginGroup+[NoContext]+Get+$GET+https://management.azure.com/subscriptions/27cafca8-b9a4-4264-b399-45d0c9cca1ab/resourceGroups/testps-rg-g51i/providers/Microsoft.Cdn/profiles/p-hmv7yj/endpoints/ps-2024-0901-domain010/originGroups/originGroup1?api-version=2025-04-15+1": {
    "Request": {
      "Method": "GET",
      "RequestUri": "https://management.azure.com/subscriptions/27cafca8-b9a4-4264-b399-45d0c9cca1ab/resourceGroups/testps-rg-g51i/providers/Microsoft.Cdn/profiles/p-hmv7yj/endpoints/ps-2024-0901-domain010/originGroups/originGroup1?api-version=2025-04-15",
      "Content": null,
      "isContentBase64": false,
      "Headers": {
        "x-ms-unique-id": [ "192" ],
        "x-ms-client-request-id": [ "d59e92b2-3e83-4362-a554-393e3e0d045a" ],
        "CommandName": [ "Get-AzCdnOriginGroup" ],
        "FullCommandName": [ "Get-AzCdnOriginGroup_Get" ],
        "ParameterSetName": [ "__AllParameterSets" ],
        "User-Agent": [ "AzurePowershell/v13.2.0", "PSVersion/v7.5.3", "Az.Cdn/0.1.0" ],
        "Authorization": [ "[Filtered]" ]
      },
      "ContentHeaders": {
      }
    },
    "Response": {
      "StatusCode": 200,
      "Headers": {
        "Cache-Control": [ "no-cache" ],
        "Pragma": [ "no-cache" ],
        "Strict-Transport-Security": [ "max-age=31536000; includeSubDomains" ],
        "x-ms-request-id": [ "1a3dbccd-8176-4d32-a202-c8dd0a0dd039" ],
        "x-ms-client-request-id": [ "d59e92b2-3e83-4362-a554-393e3e0d045a" ],
        "x-ms-operation-identifier": [ "tenantId=72f988bf-86f1-41af-91ab-2d7cd011db47,objectId=2e396a67-4dc1-43ae-afcc-c6747d291866/westus/23e49ddd-1c1c-4dcf-b39a-23a21b3c3a60" ],
        "x-ms-ratelimit-remaining-subscription-reads": [ "1098" ],
        "x-ms-ratelimit-remaining-subscription-global-reads": [ "16498" ],
        "x-ms-correlation-request-id": [ "957693e3-c78d-40ec-99e8-07d8b5d05ec5" ],
        "x-ms-routing-request-id": [ "WESTUS:20251029T041839Z:957693e3-c78d-40ec-99e8-07d8b5d05ec5" ],
        "X-Content-Type-Options": [ "nosniff" ],
        "X-Cache": [ "CONFIG_NOCACHE" ],
        "X-MSEdge-Ref": [ "Ref A: D0B9970562FB4EFFAD1D3C4D32865D8F Ref B: SYD03EDGE1114 Ref C: 2025-10-29T04:18:39Z" ],
        "Date": [ "Wed, 29 Oct 2025 04:18:38 GMT" ]
      },
      "ContentHeaders": {
        "Content-Length": [ "773" ],
        "Content-Type": [ "application/json; charset=utf-8" ],
        "Expires": [ "-1" ]
      },
      "Content": "{\"id\":\"/subscriptions/27cafca8-b9a4-4264-b399-45d0c9cca1ab/resourcegroups/testps-rg-g51i/providers/Microsoft.Cdn/profiles/p-hmv7yj/endpoints/ps-2024-0901-domain010/origingroups/originGroup1\",\"type\":\"Microsoft.Cdn/profiles/endpoints/origingroups\",\"name\":\"originGroup1\",\"properties\":{\"healthProbeSettings\":{\"probePath\":\"/health.aspx\",\"probeRequestType\":\"GET\",\"probeProtocol\":\"Https\",\"probeIntervalInSeconds\":240},\"responseBasedOriginErrorDetectionSettings\":null,\"trafficRestorationTimeToHealedOrNewEndpointsInMinutes\":null,\"origins\":[{\"id\":\"/subscriptions/27cafca8-b9a4-4264-b399-45d0c9cca1ab/resourcegroups/testps-rg-g51i/providers/Microsoft.Cdn/profiles/p-hmv7yj/endpoints/ps-2024-0901-domain010/origins/origin1\"}],\"resourceState\":\"Active\",\"provisioningState\":\"Succeeded\"}}",
      "isContentBase64": false
    }
  },
  "Get-AzCdnOriginGroup+[NoContext]+GetViaIdentity+$GET+https://management.azure.com/subscriptions/27cafca8-b9a4-4264-b399-45d0c9cca1ab/resourceGroups/testps-rg-g51i/providers/Microsoft.Cdn/profiles/p-hmv7yj/endpoints/ps-2024-0901-domain010/originGroups/originGroup1?api-version=2025-04-15+1": {
    "Request": {
      "Method": "GET",
      "RequestUri": "https://management.azure.com/subscriptions/27cafca8-b9a4-4264-b399-45d0c9cca1ab/resourceGroups/testps-rg-g51i/providers/Microsoft.Cdn/profiles/p-hmv7yj/endpoints/ps-2024-0901-domain010/originGroups/originGroup1?api-version=2025-04-15",
      "Content": null,
      "isContentBase64": false,
      "Headers": {
        "x-ms-unique-id": [ "193" ],
        "x-ms-client-request-id": [ "ff21828c-29ff-455b-97b1-24031a1a4d2d" ],
        "CommandName": [ "Get-AzCdnOriginGroup" ],
        "FullCommandName": [ "Get-AzCdnOriginGroup_Get" ],
        "ParameterSetName": [ "__AllParameterSets" ],
        "User-Agent": [ "AzurePowershell/v13.2.0", "PSVersion/v7.5.3", "Az.Cdn/0.1.0" ],
        "Authorization": [ "[Filtered]" ]
      },
      "ContentHeaders": {
      }
    },
    "Response": {
      "StatusCode": 200,
      "Headers": {
        "Cache-Control": [ "no-cache" ],
        "Pragma": [ "no-cache" ],
        "Strict-Transport-Security": [ "max-age=31536000; includeSubDomains" ],
        "x-ms-request-id": [ "64cb270e-16c9-4c77-b36a-5543acbc6397" ],
        "x-ms-client-request-id": [ "ff21828c-29ff-455b-97b1-24031a1a4d2d" ],
        "x-ms-operation-identifier": [ "tenantId=72f988bf-86f1-41af-91ab-2d7cd011db47,objectId=2e396a67-4dc1-43ae-afcc-c6747d291866/westus/249e2445-e447-4ffd-90e1-bbef579610d5" ],
        "x-ms-ratelimit-remaining-subscription-reads": [ "1097" ],
        "x-ms-ratelimit-remaining-subscription-global-reads": [ "16497" ],
        "x-ms-correlation-request-id": [ "dfc28c8c-f9d0-42c6-917c-08eb77a4cd10" ],
        "x-ms-routing-request-id": [ "WESTUS:20251029T041839Z:dfc28c8c-f9d0-42c6-917c-08eb77a4cd10" ],
        "X-Content-Type-Options": [ "nosniff" ],
        "X-Cache": [ "CONFIG_NOCACHE" ],
        "X-MSEdge-Ref": [ "Ref A: D5A30FAA016B4B52B0E60BA19C78E10C Ref B: SYD03EDGE1114 Ref C: 2025-10-29T04:18:39Z" ],
        "Date": [ "Wed, 29 Oct 2025 04:18:39 GMT" ]
      },
      "ContentHeaders": {
        "Content-Length": [ "773" ],
        "Content-Type": [ "application/json; charset=utf-8" ],
        "Expires": [ "-1" ]
      },
      "Content": "{\"id\":\"/subscriptions/27cafca8-b9a4-4264-b399-45d0c9cca1ab/resourcegroups/testps-rg-g51i/providers/Microsoft.Cdn/profiles/p-hmv7yj/endpoints/ps-2024-0901-domain010/origingroups/originGroup1\",\"type\":\"Microsoft.Cdn/profiles/endpoints/origingroups\",\"name\":\"originGroup1\",\"properties\":{\"healthProbeSettings\":{\"probePath\":\"/health.aspx\",\"probeRequestType\":\"GET\",\"probeProtocol\":\"Https\",\"probeIntervalInSeconds\":240},\"responseBasedOriginErrorDetectionSettings\":null,\"trafficRestorationTimeToHealedOrNewEndpointsInMinutes\":null,\"origins\":[{\"id\":\"/subscriptions/27cafca8-b9a4-4264-b399-45d0c9cca1ab/resourcegroups/testps-rg-g51i/providers/Microsoft.Cdn/profiles/p-hmv7yj/endpoints/ps-2024-0901-domain010/origins/origin1\"}],\"resourceState\":\"Active\",\"provisioningState\":\"Succeeded\"}}",
      "isContentBase64": false
    }
  },
  "Get-AzCdnOriginGroup+[NoContext]+GetViaIdentity+$GET+https://management.azure.com/subscriptions/27cafca8-b9a4-4264-b399-45d0c9cca1ab/resourceGroups/testps-rg-g51i/providers/Microsoft.Cdn/profiles/p-hmv7yj/endpoints/ps-2024-0901-domain010/originGroups/originGroup1?api-version=2025-04-15+2": {
    "Request": {
      "Method": "GET",
      "RequestUri": "https://management.azure.com/subscriptions/27cafca8-b9a4-4264-b399-45d0c9cca1ab/resourceGroups/testps-rg-g51i/providers/Microsoft.Cdn/profiles/p-hmv7yj/endpoints/ps-2024-0901-domain010/originGroups/originGroup1?api-version=2025-04-15",
      "Content": null,
      "isContentBase64": false,
      "Headers": {
        "x-ms-unique-id": [ "194" ],
        "x-ms-client-request-id": [ "9825d294-1650-46ae-989b-aecb133a4ea5" ],
        "CommandName": [ "Get-AzCdnOriginGroup" ],
        "FullCommandName": [ "Get-AzCdnOriginGroup_GetViaIdentity" ],
        "ParameterSetName": [ "__AllParameterSets" ],
        "User-Agent": [ "AzurePowershell/v13.2.0", "PSVersion/v7.5.3", "Az.Cdn/0.1.0" ],
        "Authorization": [ "[Filtered]" ]
      },
      "ContentHeaders": {
      }
    },
    "Response": {
      "StatusCode": 200,
      "Headers": {
        "Cache-Control": [ "no-cache" ],
        "Pragma": [ "no-cache" ],
        "Strict-Transport-Security": [ "max-age=31536000; includeSubDomains" ],
        "x-ms-request-id": [ "2ea01830-c57b-40d4-87ab-ef5473ac0dbe" ],
        "x-ms-client-request-id": [ "9825d294-1650-46ae-989b-aecb133a4ea5" ],
        "x-ms-operation-identifier": [ "tenantId=72f988bf-86f1-41af-91ab-2d7cd011db47,objectId=2e396a67-4dc1-43ae-afcc-c6747d291866/westus/cf2bb8a9-157a-42f6-a235-601dfe97e0b9" ],
        "x-ms-ratelimit-remaining-subscription-reads": [ "1097" ],
        "x-ms-ratelimit-remaining-subscription-global-reads": [ "16497" ],
        "x-ms-correlation-request-id": [ "340eebc0-7a5b-46a5-8c43-41221f588bd0" ],
        "x-ms-routing-request-id": [ "WESTUS:20251029T041840Z:340eebc0-7a5b-46a5-8c43-41221f588bd0" ],
        "X-Content-Type-Options": [ "nosniff" ],
        "X-Cache": [ "CONFIG_NOCACHE" ],
        "X-MSEdge-Ref": [ "Ref A: ACD336CFD3024F8D9EF62658C8E0C071 Ref B: SYD03EDGE1114 Ref C: 2025-10-29T04:18:40Z" ],
        "Date": [ "Wed, 29 Oct 2025 04:18:39 GMT" ]
      },
      "ContentHeaders": {
        "Content-Length": [ "773" ],
        "Content-Type": [ "application/json; charset=utf-8" ],
        "Expires": [ "-1" ]
      },
      "Content": "{\"id\":\"/subscriptions/27cafca8-b9a4-4264-b399-45d0c9cca1ab/resourcegroups/testps-rg-g51i/providers/Microsoft.Cdn/profiles/p-hmv7yj/endpoints/ps-2024-0901-domain010/origingroups/originGroup1\",\"type\":\"Microsoft.Cdn/profiles/endpoints/origingroups\",\"name\":\"originGroup1\",\"properties\":{\"healthProbeSettings\":{\"probePath\":\"/health.aspx\",\"probeRequestType\":\"GET\",\"probeProtocol\":\"Https\",\"probeIntervalInSeconds\":240},\"responseBasedOriginErrorDetectionSettings\":null,\"trafficRestorationTimeToHealedOrNewEndpointsInMinutes\":null,\"origins\":[{\"id\":\"/subscriptions/27cafca8-b9a4-4264-b399-45d0c9cca1ab/resourcegroups/testps-rg-g51i/providers/Microsoft.Cdn/profiles/p-hmv7yj/endpoints/ps-2024-0901-domain010/origins/origin1\"}],\"resourceState\":\"Active\",\"provisioningState\":\"Succeeded\"}}",
      "isContentBase64": false
    }
  }
}