{
  "Get-AzCdnOriginGroup+[NoContext]+List+$GET+https://management.azure.com/subscriptions/27cafca8-b9a4-4264-b399-45d0c9cca1ab/resourceGroups/testps-rg-90gh/providers/Microsoft.Cdn/profiles/p-cy2kl9/endpoints/ps-2024-0901-domain010/originGroups?api-version=2025-04-15+1": {
    "Request": {
      "Method": "GET",
      "RequestUri": "https://management.azure.com/subscriptions/27cafca8-b9a4-4264-b399-45d0c9cca1ab/resourceGroups/testps-rg-90gh/providers/Microsoft.Cdn/profiles/p-cy2kl9/endpoints/ps-2024-0901-domain010/originGroups?api-version=2025-04-15",
      "Content": null,
      "isContentBase64": false,
      "Headers": {
        "x-ms-unique-id": [ "192" ],
        "x-ms-client-request-id": [ "fef9f2f8-4a05-4ec4-9b94-5bac5aa7d064" ],
        "CommandName": [ "Get-AzCdnOriginGroup" ],
        "FullCommandName": [ "Get-AzCdnOriginGroup_List" ],
        "ParameterSetName": [ "__AllParameterSets" ],
        "User-Agent": [ "AzurePowershell/v13.2.0", "PSVersion/v7.5.3", "Az.Cdn/0.1.0" ],
        "Authorization": [ "[Filtered]" ]
      },
      "ContentHeaders": {
      }
    },
    "Response": {
      "StatusCode": 200,
      "Headers": {
        "Cache-Control": [ "no-cache" ],
        "Pragma": [ "no-cache" ],
        "Strict-Transport-Security": [ "max-age=31536000; includeSubDomains" ],
        "x-ms-request-id": [ "2d02c893-dc03-4a3b-b620-e1e8c3e2ccb7" ],
        "x-ms-client-request-id": [ "fef9f2f8-4a05-4ec4-9b94-5bac5aa7d064" ],
        "x-ms-operation-identifier": [ "tenantId=72f988bf-86f1-41af-91ab-2d7cd011db47,objectId=2e396a67-4dc1-43ae-afcc-c6747d291866/westus/4822c722-8ec2-4a9e-86d5-7e298db4a68e" ],
        "x-ms-ratelimit-remaining-subscription-reads": [ "1099" ],
        "x-ms-ratelimit-remaining-subscription-global-reads": [ "16499" ],
        "x-ms-correlation-request-id": [ "319e1db5-155d-4236-96d1-ca65d6a737a2" ],
        "x-ms-routing-request-id": [ "WESTUS:20251028T225139Z:319e1db5-155d-4236-96d1-ca65d6a737a2" ],
        "X-Content-Type-Options": [ "nosniff" ],
        "X-Cache": [ "CONFIG_NOCACHE" ],
        "X-MSEdge-Ref": [ "Ref A: 44255BF2B80940B7BE88B5ECACE05091 Ref B: SYD03EDGE0911 Ref C: 2025-10-28T22:51:38Z" ],
        "Date": [ "Tue, 28 Oct 2025 22:51:38 GMT" ]
      },
      "ContentHeaders": {
        "Content-Length": [ "785" ],
        "Content-Type": [ "application/json; charset=utf-8" ],
        "Expires": [ "-1" ]
      },
      "Content": "{\"value\":[{\"id\":\"/subscriptions/27cafca8-b9a4-4264-b399-45d0c9cca1ab/resourcegroups/testps-rg-90gh/providers/Microsoft.Cdn/profiles/p-cy2kl9/endpoints/ps-2024-0901-domain010/origingroups/originGroup1\",\"type\":\"Microsoft.Cdn/profiles/endpoints/origingroups\",\"name\":\"originGroup1\",\"properties\":{\"healthProbeSettings\":{\"probePath\":\"/health.aspx\",\"probeRequestType\":\"GET\",\"probeProtocol\":\"Https\",\"probeIntervalInSeconds\":240},\"responseBasedOriginErrorDetectionSettings\":null,\"trafficRestorationTimeToHealedOrNewEndpointsInMinutes\":null,\"origins\":[{\"id\":\"/subscriptions/27cafca8-b9a4-4264-b399-45d0c9cca1ab/resourcegroups/testps-rg-90gh/providers/Microsoft.Cdn/profiles/p-cy2kl9/endpoints/ps-2024-0901-domain010/origins/origin1\"}],\"resourceState\":\"Active\",\"provisioningState\":\"Succeeded\"}}]}",
      "isContentBase64": false
    }
  },
  "Get-AzCdnOriginGroup+[NoContext]+Get+$GET+https://management.azure.com/subscriptions/27cafca8-b9a4-4264-b399-45d0c9cca1ab/resourceGroups/testps-rg-90gh/providers/Microsoft.Cdn/profiles/p-cy2kl9/endpoints/ps-2024-0901-domain010/originGroups/originGroup1?api-version=2025-04-15+1": {
    "Request": {
      "Method": "GET",
      "RequestUri": "https://management.azure.com/subscriptions/27cafca8-b9a4-4264-b399-45d0c9cca1ab/resourceGroups/testps-rg-90gh/providers/Microsoft.Cdn/profiles/p-cy2kl9/endpoints/ps-2024-0901-domain010/originGroups/originGroup1?api-version=2025-04-15",
      "Content": null,
      "isContentBase64": false,
      "Headers": {
        "x-ms-unique-id": [ "193" ],
        "x-ms-client-request-id": [ "4bcc0259-5773-4d12-9310-9c4da9e7836a" ],
        "CommandName": [ "Get-AzCdnOriginGroup" ],
        "FullCommandName": [ "Get-AzCdnOriginGroup_Get" ],
        "ParameterSetName": [ "__AllParameterSets" ],
        "User-Agent": [ "AzurePowershell/v13.2.0", "PSVersion/v7.5.3", "Az.Cdn/0.1.0" ],
        "Authorization": [ "[Filtered]" ]
      },
      "ContentHeaders": {
      }
    },
    "Response": {
      "StatusCode": 200,
      "Headers": {
        "Cache-Control": [ "no-cache" ],
        "Pragma": [ "no-cache" ],
        "Strict-Transport-Security": [ "max-age=31536000; includeSubDomains" ],
        "x-ms-request-id": [ "b251e2e0-2f26-4d29-b4e4-5cc7f473c645" ],
        "x-ms-client-request-id": [ "4bcc0259-5773-4d12-9310-9c4da9e7836a" ],
        "x-ms-operation-identifier": [ "tenantId=72f988bf-86f1-41af-91ab-2d7cd011db47,objectId=2e396a67-4dc1-43ae-afcc-c6747d291866/westus/33eb4a08-38dd-45ea-b8be-4d1829e026ed" ],
        "x-ms-ratelimit-remaining-subscription-reads": [ "1098" ],
        "x-ms-ratelimit-remaining-subscription-global-reads": [ "16498" ],
        "x-ms-correlation-request-id": [ "56e11983-a2a4-4f2e-a978-1379eba419d6" ],
        "x-ms-routing-request-id": [ "WESTUS:20251028T225140Z:56e11983-a2a4-4f2e-a978-1379eba419d6" ],
        "X-Content-Type-Options": [ "nosniff" ],
        "X-Cache": [ "CONFIG_NOCACHE" ],
        "X-MSEdge-Ref": [ "Ref A: 369EB84A99314DB3A00ECF33A754BF38 Ref B: SYD03EDGE0911 Ref C: 2025-10-28T22:51:39Z" ],
        "Date": [ "Tue, 28 Oct 2025 22:51:39 GMT" ]
      },
      "ContentHeaders": {
        "Content-Length": [ "773" ],
        "Content-Type": [ "application/json; charset=utf-8" ],
        "Expires": [ "-1" ]
      },
      "Content": "{\"id\":\"/subscriptions/27cafca8-b9a4-4264-b399-45d0c9cca1ab/resourcegroups/testps-rg-90gh/providers/Microsoft.Cdn/profiles/p-cy2kl9/endpoints/ps-2024-0901-domain010/origingroups/originGroup1\",\"type\":\"Microsoft.Cdn/profiles/endpoints/origingroups\",\"name\":\"originGroup1\",\"properties\":{\"healthProbeSettings\":{\"probePath\":\"/health.aspx\",\"probeRequestType\":\"GET\",\"probeProtocol\":\"Https\",\"probeIntervalInSeconds\":240},\"responseBasedOriginErrorDetectionSettings\":null,\"trafficRestorationTimeToHealedOrNewEndpointsInMinutes\":null,\"origins\":[{\"id\":\"/subscriptions/27cafca8-b9a4-4264-b399-45d0c9cca1ab/resourcegroups/testps-rg-90gh/providers/Microsoft.Cdn/profiles/p-cy2kl9/endpoints/ps-2024-0901-domain010/origins/origin1\"}],\"resourceState\":\"Active\",\"provisioningState\":\"Succeeded\"}}",
      "isContentBase64": false
    }
  },
  "Get-AzCdnOriginGroup+[NoContext]+GetViaIdentity+$GET+https://management.azure.com/subscriptions/27cafca8-b9a4-4264-b399-45d0c9cca1ab/resourceGroups/testps-rg-90gh/providers/Microsoft.Cdn/profiles/p-cy2kl9/endpoints/ps-2024-0901-domain010/originGroups/originGroup1?api-version=2025-04-15+1": {
    "Request": {
      "Method": "GET",
      "RequestUri": "https://management.azure.com/subscriptions/27cafca8-b9a4-4264-b399-45d0c9cca1ab/resourceGroups/testps-rg-90gh/providers/Microsoft.Cdn/profiles/p-cy2kl9/endpoints/ps-2024-0901-domain010/originGroups/originGroup1?api-version=2025-04-15",
      "Content": null,
      "isContentBase64": false,
      "Headers": {
        "x-ms-unique-id": [ "194" ],
        "x-ms-client-request-id": [ "e9803682-22dd-483c-ad96-c98131ebc8a2" ],
        "CommandName": [ "Get-AzCdnOriginGroup" ],
        "FullCommandName": [ "Get-AzCdnOriginGroup_Get" ],
        "ParameterSetName": [ "__AllParameterSets" ],
        "User-Agent": [ "AzurePowershell/v13.2.0", "PSVersion/v7.5.3", "Az.Cdn/0.1.0" ],
        "Authorization": [ "[Filtered]" ]
      },
      "ContentHeaders": {
      }
    },
    "Response": {
      "StatusCode": 200,
      "Headers": {
        "Cache-Control": [ "no-cache" ],
        "Pragma": [ "no-cache" ],
        "Strict-Transport-Security": [ "max-age=31536000; includeSubDomains" ],
        "x-ms-request-id": [ "b234e7bc-3c69-4f2c-b5f1-f511c455184c" ],
        "x-ms-client-request-id": [ "e9803682-22dd-483c-ad96-c98131ebc8a2" ],
        "x-ms-operation-identifier": [ "tenantId=72f988bf-86f1-41af-91ab-2d7cd011db47,objectId=2e396a67-4dc1-43ae-afcc-c6747d291866/westus/89f54fb9-3798-48c6-bd78-ba9e1d667d90" ],
        "x-ms-ratelimit-remaining-subscription-reads": [ "1097" ],
        "x-ms-ratelimit-remaining-subscription-global-reads": [ "16497" ],
        "x-ms-correlation-request-id": [ "58e178cc-cae2-457b-87d3-8bf7642e87ac" ],
        "x-ms-routing-request-id": [ "WESTUS:20251028T225140Z:58e178cc-cae2-457b-87d3-8bf7642e87ac" ],
        "X-Content-Type-Options": [ "nosniff" ],
        "X-Cache": [ "CONFIG_NOCACHE" ],
        "X-MSEdge-Ref": [ "Ref A: A47AFD112A9B4ABE87368E7FD23C5D9D Ref B: SYD03EDGE0911 Ref C: 2025-10-28T22:51:40Z" ],
        "Date": [ "Tue, 28 Oct 2025 22:51:39 GMT" ]
      },
      "ContentHeaders": {
        "Content-Length": [ "773" ],
        "Content-Type": [ "application/json; charset=utf-8" ],
        "Expires": [ "-1" ]
      },
      "Content": "{\"id\":\"/subscriptions/27cafca8-b9a4-4264-b399-45d0c9cca1ab/resourcegroups/testps-rg-90gh/providers/Microsoft.Cdn/profiles/p-cy2kl9/endpoints/ps-2024-0901-domain010/origingroups/originGroup1\",\"type\":\"Microsoft.Cdn/profiles/endpoints/origingroups\",\"name\":\"originGroup1\",\"properties\":{\"healthProbeSettings\":{\"probePath\":\"/health.aspx\",\"probeRequestType\":\"GET\",\"probeProtocol\":\"Https\",\"probeIntervalInSeconds\":240},\"responseBasedOriginErrorDetectionSettings\":null,\"trafficRestorationTimeToHealedOrNewEndpointsInMinutes\":null,\"origins\":[{\"id\":\"/subscriptions/27cafca8-b9a4-4264-b399-45d0c9cca1ab/resourcegroups/testps-rg-90gh/providers/Microsoft.Cdn/profiles/p-cy2kl9/endpoints/ps-2024-0901-domain010/origins/origin1\"}],\"resourceState\":\"Active\",\"provisioningState\":\"Succeeded\"}}",
      "isContentBase64": false
    }
  },
  "Get-AzCdnOriginGroup+[NoContext]+GetViaIdentity+$GET+https://management.azure.com/subscriptions/27cafca8-b9a4-4264-b399-45d0c9cca1ab/resourceGroups/testps-rg-90gh/providers/Microsoft.Cdn/profiles/p-cy2kl9/endpoints/ps-2024-0901-domain010/originGroups/originGroup1?api-version=2025-04-15+2": {
    "Request": {
      "Method": "GET",
      "RequestUri": "https://management.azure.com/subscriptions/27cafca8-b9a4-4264-b399-45d0c9cca1ab/resourceGroups/testps-rg-90gh/providers/Microsoft.Cdn/profiles/p-cy2kl9/endpoints/ps-2024-0901-domain010/originGroups/originGroup1?api-version=2025-04-15",
      "Content": null,
      "isContentBase64": false,
      "Headers": {
        "x-ms-unique-id": [ "195" ],
        "x-ms-client-request-id": [ "75166df4-a6a8-4fc4-9a64-a87047ae5b72" ],
        "CommandName": [ "Get-AzCdnOriginGroup" ],
        "FullCommandName": [ "Get-AzCdnOriginGroup_GetViaIdentity" ],
        "ParameterSetName": [ "__AllParameterSets" ],
        "User-Agent": [ "AzurePowershell/v13.2.0", "PSVersion/v7.5.3", "Az.Cdn/0.1.0" ],
        "Authorization": [ "[Filtered]" ]
      },
      "ContentHeaders": {
      }
    },
    "Response": {
      "StatusCode": 200,
      "Headers": {
        "Cache-Control": [ "no-cache" ],
        "Pragma": [ "no-cache" ],
        "Strict-Transport-Security": [ "max-age=31536000; includeSubDomains" ],
        "x-ms-request-id": [ "43d5c79b-01f7-4c1c-8f9a-2cd236654a9a" ],
        "x-ms-client-request-id": [ "75166df4-a6a8-4fc4-9a64-a87047ae5b72" ],
        "x-ms-operation-identifier": [ "tenantId=72f988bf-86f1-41af-91ab-2d7cd011db47,objectId=2e396a67-4dc1-43ae-afcc-c6747d291866/westus/7f6a64a2-04c1-498e-98d8-6e8a03413ec2" ],
        "x-ms-ratelimit-remaining-subscription-reads": [ "1099" ],
        "x-ms-ratelimit-remaining-subscription-global-reads": [ "16499" ],
        "x-ms-correlation-request-id": [ "1f2e8db1-8d2d-443c-bfd4-52d4dfda5087" ],
        "x-ms-routing-request-id": [ "WESTUS:20251028T225141Z:1f2e8db1-8d2d-443c-bfd4-52d4dfda5087" ],
        "X-Content-Type-Options": [ "nosniff" ],
        "X-Cache": [ "CONFIG_NOCACHE" ],
        "X-MSEdge-Ref": [ "Ref A: 087AF6B7686145EE8901621BB512EAD9 Ref B: SYD03EDGE0911 Ref C: 2025-10-28T22:51:40Z" ],
        "Date": [ "Tue, 28 Oct 2025 22:51:40 GMT" ]
      },
      "ContentHeaders": {
        "Content-Length": [ "773" ],
        "Content-Type": [ "application/json; charset=utf-8" ],
        "Expires": [ "-1" ]
      },
      "Content": "{\"id\":\"/subscriptions/27cafca8-b9a4-4264-b399-45d0c9cca1ab/resourcegroups/testps-rg-90gh/providers/Microsoft.Cdn/profiles/p-cy2kl9/endpoints/ps-2024-0901-domain010/origingroups/originGroup1\",\"type\":\"Microsoft.Cdn/profiles/endpoints/origingroups\",\"name\":\"originGroup1\",\"properties\":{\"healthProbeSettings\":{\"probePath\":\"/health.aspx\",\"probeRequestType\":\"GET\",\"probeProtocol\":\"Https\",\"probeIntervalInSeconds\":240},\"responseBasedOriginErrorDetectionSettings\":null,\"trafficRestorationTimeToHealedOrNewEndpointsInMinutes\":null,\"origins\":[{\"id\":\"/subscriptions/27cafca8-b9a4-4264-b399-45d0c9cca1ab/resourcegroups/testps-rg-90gh/providers/Microsoft.Cdn/profiles/p-cy2kl9/endpoints/ps-2024-0901-domain010/origins/origin1\"}],\"resourceState\":\"Active\",\"provisioningState\":\"Succeeded\"}}",
      "isContentBase64": false
    }
  }
}