{
  "Remove-AzFrontDoorWafPolicy+[NoContext]+Delete+$GET+https://management.azure.com/subscriptions/27cafca8-b9a4-4264-b399-45d0c9cca1ab/resourceGroups/testps-rg-703f/providers/Microsoft.Network/FrontDoorWebApplicationFirewallPolicies/testpsWafpgs5?api-version=2025-03-01+1": {
    "Request": {
      "Method": "GET",
      "RequestUri": "https://management.azure.com/subscriptions/27cafca8-b9a4-4264-b399-45d0c9cca1ab/resourceGroups/testps-rg-703f/providers/Microsoft.Network/FrontDoorWebApplicationFirewallPolicies/testpsWafpgs5?api-version=2025-03-01",
      "Content": null,
      "isContentBase64": false,
      "Headers": {
        "x-ms-unique-id": [ "44" ],
        "x-ms-client-request-id": [ "3ff33b01-2571-4ac4-ad12-92b5c27cec41" ],
        "CommandName": [ "Get-AzFrontDoorWafPolicy" ],
        "FullCommandName": [ "Get-AzFrontDoorWafPolicy_Get" ],
        "ParameterSetName": [ "__AllParameterSets" ],
        "User-Agent": [ "AzurePowershell/v13.2.0", "PSVersion/v7.5.3", "Az.FrontDoor/0.1.0" ],
        "Authorization": [ "[Filtered]" ]
      },
      "ContentHeaders": {
      }
    },
    "Response": {
      "StatusCode": 404,
      "Headers": {
        "Cache-Control": [ "no-cache" ],
        "Pragma": [ "no-cache" ],
        "x-ms-failure-cause": [ "gateway" ],
        "x-ms-request-id": [ "ea469d85-2963-4b98-8029-09e235fda838" ],
        "x-ms-correlation-request-id": [ "ea469d85-2963-4b98-8029-09e235fda838" ],
        "x-ms-routing-request-id": [ "WESTUS:20251029T035636Z:ea469d85-2963-4b98-8029-09e235fda838" ],
        "Strict-Transport-Security": [ "max-age=31536000; includeSubDomains" ],
        "X-Content-Type-Options": [ "nosniff" ],
        "X-Cache": [ "CONFIG_NOCACHE" ],
        "X-MSEdge-Ref": [ "Ref A: F5E5D86CCEAF44BFB692D1DDA94B2806 Ref B: SYD03EDGE2015 Ref C: 2025-10-29T03:56:35Z" ],
        "Date": [ "Wed, 29 Oct 2025 03:56:35 GMT" ]
      },
      "ContentHeaders": {
        "Content-Length": [ "257" ],
        "Content-Type": [ "application/json; charset=utf-8" ],
        "Expires": [ "-1" ]
      },
      "Content": "{\"error\":{\"code\":\"ResourceNotFound\",\"message\":\"The Resource \u0027Microsoft.Network/frontdoorWebApplicationFirewallPolicies/testpsWafpgs5\u0027 under resource group \u0027testps-rg-703f\u0027 was not found. For more details please go to https://aka.ms/ARMResourceNotFoundFix\"}}",
      "isContentBase64": false
    }
  },
  "Remove-AzFrontDoorWafPolicy+[NoContext]+Delete+$PUT+https://management.azure.com/subscriptions/27cafca8-b9a4-4264-b399-45d0c9cca1ab/resourceGroups/testps-rg-703f/providers/Microsoft.Network/FrontDoorWebApplicationFirewallPolicies/testpsWafpgs5?api-version=2025-03-01+2": {
    "Request": {
      "Method": "PUT",
      "RequestUri": "https://management.azure.com/subscriptions/27cafca8-b9a4-4264-b399-45d0c9cca1ab/resourceGroups/testps-rg-703f/providers/Microsoft.Network/FrontDoorWebApplicationFirewallPolicies/testpsWafpgs5?api-version=2025-03-01",
      "Content": "{\r\n  \"location\": \"global\",\r\n  \"properties\": {\r\n    \"customRules\": {\r\n      \"rules\": [\r\n        {\r\n          \"name\": \"Rule1\",\r\n          \"priority\": 2,\r\n          \"enabledState\": \"Enabled\",\r\n          \"ruleType\": \"MatchRule\",\r\n          \"rateLimitDurationInMinutes\": 1,\r\n          \"matchConditions\": [\r\n            {\r\n              \"matchVariable\": \"RequestHeader\",\r\n              \"selector\": \"UserAgent\",\r\n              \"operator\": \"Contains\",\r\n              \"matchValue\": [ \"WINDOWS\" ],\r\n              \"transforms\": [ \"Uppercase\" ]\r\n            }\r\n          ],\r\n          \"action\": \"Block\"\r\n        }\r\n      ]\r\n    },\r\n    \"managedRules\": {\r\n      \"managedRuleSets\": [\r\n        {\r\n          \"ruleSetType\": \"DefaultRuleSet\",\r\n          \"ruleSetVersion\": \"1.0\",\r\n          \"exclusions\": [\r\n            {\r\n              \"matchVariable\": \"QueryStringArgNames\",\r\n              \"selectorMatchOperator\": \"Equals\",\r\n              \"selector\": \"ExcludeInSet\"\r\n            }\r\n          ],\r\n          \"ruleGroupOverrides\": [\r\n            {\r\n              \"ruleGroupName\": \"SQLI\",\r\n              \"exclusions\": [\r\n                {\r\n                  \"matchVariable\": \"QueryStringArgNames\",\r\n                  \"selectorMatchOperator\": \"Equals\",\r\n                  \"selector\": \"ExcludeInGroup\"\r\n                }\r\n              ],\r\n              \"rules\": [\r\n                {\r\n                  \"ruleId\": \"942100\",\r\n                  \"action\": \"Log\",\r\n                  \"exclusions\": [\r\n                    {\r\n                      \"matchVariable\": \"QueryStringArgNames\",\r\n                      \"selectorMatchOperator\": \"Equals\",\r\n                      \"selector\": \"ExcludeInRule\"\r\n                    }\r\n                  ]\r\n                }\r\n              ]\r\n            }\r\n          ]\r\n        },\r\n        {\r\n          \"ruleSetType\": \"BotProtection\",\r\n          \"ruleSetVersion\": \"preview-0.1\"\r\n        }\r\n      ]\r\n    },\r\n    \"policySettings\": {\r\n      \"enabledState\": \"Enabled\",\r\n      \"mode\": \"Prevention\",\r\n      \"requestBodyCheck\": \"Disabled\",\r\n      \"javascriptChallengeExpirationInMinutes\": 30,\r\n      \"logScrubbing\": {\r\n        \"state\": \"Enabled\",\r\n        \"scrubbingRules\": [\r\n          {\r\n            \"matchVariable\": \"RequestHeaderNames\",\r\n            \"selectorMatchOperator\": \"EqualsAny\",\r\n            \"state\": \"Enabled\"\r\n          }\r\n        ]\r\n      }\r\n    }\r\n  },\r\n  \"sku\": {\r\n    \"name\": \"Premium_AzureFrontDoor\"\r\n  }\r\n}",
      "isContentBase64": false,
      "Headers": {
      },
      "ContentHeaders": {
        "Content-Type": [ "application/json" ],
        "Content-Length": [ "2426" ]
      }
    },
    "Response": {
      "StatusCode": 201,
      "Headers": {
        "Cache-Control": [ "no-cache" ],
        "Pragma": [ "no-cache" ],
        "Strict-Transport-Security": [ "max-age=31536000; includeSubDomains" ],
        "x-ms-request-id": [ "98875dca-530e-43b0-96f1-4a15b283a7cb" ],
        "x-ms-client-request-id": [ "710ae4ba-1cf5-4e33-aac4-cf9cc9175d9b" ],
        "x-ms-operation-identifier": [ "tenantId=72f988bf-86f1-41af-91ab-2d7cd011db47,objectId=2e396a67-4dc1-43ae-afcc-c6747d291866/westus/c8ba0f1f-629c-4b33-933f-f5f397539fbf" ],
        "x-ms-ratelimit-remaining-subscription-writes": [ "799" ],
        "x-ms-ratelimit-remaining-subscription-global-writes": [ "11999" ],
        "x-ms-correlation-request-id": [ "8f11abeb-2e1c-4063-84e7-542e8e732bce" ],
        "x-ms-routing-request-id": [ "WESTUS:20251029T035638Z:8f11abeb-2e1c-4063-84e7-542e8e732bce" ],
        "X-Content-Type-Options": [ "nosniff" ],
        "X-Cache": [ "CONFIG_NOCACHE" ],
        "X-MSEdge-Ref": [ "Ref A: 430F6E1D4CC143409FC0DDD70EBF463A Ref B: SYD03EDGE2015 Ref C: 2025-10-29T03:56:36Z" ],
        "Date": [ "Wed, 29 Oct 2025 03:56:37 GMT" ]
      },
      "ContentHeaders": {
        "Content-Length": [ "1944" ],
        "Content-Type": [ "application/json; charset=utf-8" ],
        "Expires": [ "-1" ]
      },
      "Content": "{\"id\":\"/subscriptions/27cafca8-b9a4-4264-b399-45d0c9cca1ab/resourcegroups/testps-rg-703f/providers/Microsoft.Network/frontdoorwebapplicationfirewallpolicies/testpsWafpgs5\",\"type\":\"Microsoft.Network/frontdoorwebapplicationfirewallpolicies\",\"name\":\"testpsWafpgs5\",\"location\":\"Global\",\"tags\":{},\"sku\":{\"name\":\"Premium_AzureFrontDoor\"},\"properties\":{\"policySettings\":{\"enabledState\":\"Enabled\",\"mode\":\"Prevention\",\"redirectUrl\":null,\"customBlockResponseStatusCode\":null,\"customBlockResponseBody\":null,\"requestBodyCheck\":\"Disabled\",\"javascriptChallengeExpirationInMinutes\":30,\"captchaExpirationInMinutes\":30,\"logScrubbing\":{\"state\":\"Enabled\",\"scrubbingRules\":[{\"matchVariable\":\"RequestHeaderNames\",\"selectorMatchOperator\":\"EqualsAny\",\"selector\":null,\"state\":\"Enabled\"}]}},\"customRules\":{\"rules\":[{\"name\":\"Rule1\",\"enabledState\":\"Enabled\",\"priority\":2,\"ruleType\":\"MatchRule\",\"rateLimitDurationInMinutes\":1,\"rateLimitThreshold\":null,\"matchConditions\":[{\"matchVariable\":\"RequestHeader\",\"selector\":\"UserAgent\",\"operator\":\"Contains\",\"negateCondition\":false,\"matchValue\":[\"WINDOWS\"],\"transforms\":[\"Uppercase\"]}],\"action\":\"Block\",\"groupBy\":[]}]},\"managedRules\":{\"managedRuleSets\":[{\"ruleSetType\":\"DefaultRuleSet\",\"ruleSetVersion\":\"1.0\",\"ruleSetAction\":null,\"ruleGroupOverrides\":[{\"ruleGroupName\":\"SQLI\",\"rules\":[{\"ruleId\":\"942100\",\"enabledState\":\"Enabled\",\"action\":\"Log\",\"exclusions\":[{\"matchVariable\":\"QueryStringArgNames\",\"selectorMatchOperator\":\"Equals\",\"selector\":\"ExcludeInRule\"}]}],\"exclusions\":[{\"matchVariable\":\"QueryStringArgNames\",\"selectorMatchOperator\":\"Equals\",\"selector\":\"ExcludeInGroup\"}]}],\"exclusions\":[{\"matchVariable\":\"QueryStringArgNames\",\"selectorMatchOperator\":\"Equals\",\"selector\":\"ExcludeInSet\"}]},{\"ruleSetType\":\"BotProtection\",\"ruleSetVersion\":\"preview-0.1\",\"ruleSetAction\":null,\"ruleGroupOverrides\":[],\"exclusions\":[]}]},\"frontendEndpointLinks\":[],\"securityPolicyLinks\":[],\"resourceState\":\"Enabled\",\"provisioningState\":\"Succeeded\"}}",
      "isContentBase64": false
    }
  },
  "Remove-AzFrontDoorWafPolicy+[NoContext]+Delete+$GET+https://management.azure.com/subscriptions/27cafca8-b9a4-4264-b399-45d0c9cca1ab/resourceGroups/testps-rg-703f/providers/Microsoft.Network/FrontDoorWebApplicationFirewallPolicies/testpsWafpgs5?api-version=2025-03-01+3": {
    "Request": {
      "Method": "GET",
      "RequestUri": "https://management.azure.com/subscriptions/27cafca8-b9a4-4264-b399-45d0c9cca1ab/resourceGroups/testps-rg-703f/providers/Microsoft.Network/FrontDoorWebApplicationFirewallPolicies/testpsWafpgs5?api-version=2025-03-01",
      "Content": null,
      "isContentBase64": false,
      "Headers": {
        "Authorization": [ "[Filtered]" ],
        "x-ms-unique-id": [ "46" ],
        "x-ms-client-request-id": [ "710ae4ba-1cf5-4e33-aac4-cf9cc9175d9b" ],
        "CommandName": [ "Az.FrontDoor.internal\\New-AzFrontDoorWafPolicy" ],
        "FullCommandName": [ "New-AzFrontDoorWafPolicy_CreateExpanded" ],
        "ParameterSetName": [ "__AllParameterSets" ],
        "User-Agent": [ "AzurePowershell/v13.2.0", "PSVersion/v7.5.3", "Az.FrontDoor/0.1.0" ]
      },
      "ContentHeaders": {
      }
    },
    "Response": {
      "StatusCode": 200,
      "Headers": {
        "Cache-Control": [ "no-cache" ],
        "Pragma": [ "no-cache" ],
        "Strict-Transport-Security": [ "max-age=31536000; includeSubDomains" ],
        "x-ms-request-id": [ "b583234e-9958-45b4-bfe6-6d593ddfc17c" ],
        "x-ms-client-request-id": [ "710ae4ba-1cf5-4e33-aac4-cf9cc9175d9b" ],
        "x-ms-ratelimit-remaining-subscription-reads": [ "1099" ],
        "x-ms-ratelimit-remaining-subscription-global-reads": [ "16499" ],
        "x-ms-correlation-request-id": [ "1097ec8a-3a2c-4b31-b747-345a4569f708" ],
        "x-ms-routing-request-id": [ "WESTUS:20251029T035709Z:1097ec8a-3a2c-4b31-b747-345a4569f708" ],
        "X-Content-Type-Options": [ "nosniff" ],
        "X-Cache": [ "CONFIG_NOCACHE" ],
        "X-MSEdge-Ref": [ "Ref A: DB4A600F6DA849A9B3B19EE4CB6504BF Ref B: SYD03EDGE2015 Ref C: 2025-10-29T03:57:08Z" ],
        "Date": [ "Wed, 29 Oct 2025 03:57:08 GMT" ]
      },
      "ContentHeaders": {
        "Content-Length": [ "1944" ],
        "Content-Type": [ "application/json; charset=utf-8" ],
        "Expires": [ "-1" ]
      },
      "Content": "{\"id\":\"/subscriptions/27cafca8-b9a4-4264-b399-45d0c9cca1ab/resourcegroups/testps-rg-703f/providers/Microsoft.Network/frontdoorwebapplicationfirewallpolicies/testpsWafpgs5\",\"type\":\"Microsoft.Network/frontdoorwebapplicationfirewallpolicies\",\"name\":\"testpsWafpgs5\",\"location\":\"Global\",\"tags\":{},\"sku\":{\"name\":\"Premium_AzureFrontDoor\"},\"properties\":{\"policySettings\":{\"enabledState\":\"Enabled\",\"mode\":\"Prevention\",\"redirectUrl\":null,\"customBlockResponseStatusCode\":null,\"customBlockResponseBody\":null,\"requestBodyCheck\":\"Disabled\",\"javascriptChallengeExpirationInMinutes\":30,\"captchaExpirationInMinutes\":30,\"logScrubbing\":{\"state\":\"Enabled\",\"scrubbingRules\":[{\"matchVariable\":\"RequestHeaderNames\",\"selectorMatchOperator\":\"EqualsAny\",\"selector\":null,\"state\":\"Enabled\"}]}},\"customRules\":{\"rules\":[{\"name\":\"Rule1\",\"enabledState\":\"Enabled\",\"priority\":2,\"ruleType\":\"MatchRule\",\"rateLimitDurationInMinutes\":1,\"rateLimitThreshold\":null,\"matchConditions\":[{\"matchVariable\":\"RequestHeader\",\"selector\":\"UserAgent\",\"operator\":\"Contains\",\"negateCondition\":false,\"matchValue\":[\"WINDOWS\"],\"transforms\":[\"Uppercase\"]}],\"action\":\"Block\",\"groupBy\":[]}]},\"managedRules\":{\"managedRuleSets\":[{\"ruleSetType\":\"DefaultRuleSet\",\"ruleSetVersion\":\"1.0\",\"ruleSetAction\":null,\"ruleGroupOverrides\":[{\"ruleGroupName\":\"SQLI\",\"rules\":[{\"ruleId\":\"942100\",\"enabledState\":\"Enabled\",\"action\":\"Log\",\"exclusions\":[{\"matchVariable\":\"QueryStringArgNames\",\"selectorMatchOperator\":\"Equals\",\"selector\":\"ExcludeInRule\"}]}],\"exclusions\":[{\"matchVariable\":\"QueryStringArgNames\",\"selectorMatchOperator\":\"Equals\",\"selector\":\"ExcludeInGroup\"}]}],\"exclusions\":[{\"matchVariable\":\"QueryStringArgNames\",\"selectorMatchOperator\":\"Equals\",\"selector\":\"ExcludeInSet\"}]},{\"ruleSetType\":\"BotProtection\",\"ruleSetVersion\":\"preview-0.1\",\"ruleSetAction\":null,\"ruleGroupOverrides\":[],\"exclusions\":[]}]},\"frontendEndpointLinks\":[],\"securityPolicyLinks\":[],\"resourceState\":\"Enabled\",\"provisioningState\":\"Succeeded\"}}",
      "isContentBase64": false
    }
  },
  "Remove-AzFrontDoorWafPolicy+[NoContext]+Delete+$GET+https://management.azure.com/subscriptions/27cafca8-b9a4-4264-b399-45d0c9cca1ab/resourceGroups/testps-rg-703f/providers/Microsoft.Network/FrontDoorWebApplicationFirewallPolicies/testpsWafpgs5?api-version=2025-03-01+4": {
    "Request": {
      "Method": "GET",
      "RequestUri": "https://management.azure.com/subscriptions/27cafca8-b9a4-4264-b399-45d0c9cca1ab/resourceGroups/testps-rg-703f/providers/Microsoft.Network/FrontDoorWebApplicationFirewallPolicies/testpsWafpgs5?api-version=2025-03-01",
      "Content": null,
      "isContentBase64": false,
      "Headers": {
        "Authorization": [ "[Filtered]" ],
        "x-ms-unique-id": [ "47" ],
        "x-ms-client-request-id": [ "710ae4ba-1cf5-4e33-aac4-cf9cc9175d9b" ],
        "CommandName": [ "Az.FrontDoor.internal\\New-AzFrontDoorWafPolicy" ],
        "FullCommandName": [ "New-AzFrontDoorWafPolicy_CreateExpanded" ],
        "ParameterSetName": [ "__AllParameterSets" ],
        "User-Agent": [ "AzurePowershell/v13.2.0", "PSVersion/v7.5.3", "Az.FrontDoor/0.1.0" ]
      },
      "ContentHeaders": {
      }
    },
    "Response": {
      "StatusCode": 200,
      "Headers": {
        "Cache-Control": [ "no-cache" ],
        "Pragma": [ "no-cache" ],
        "Strict-Transport-Security": [ "max-age=31536000; includeSubDomains" ],
        "x-ms-request-id": [ "618858e6-0b07-4bf5-b1e1-23927583371f" ],
        "x-ms-client-request-id": [ "710ae4ba-1cf5-4e33-aac4-cf9cc9175d9b" ],
        "x-ms-ratelimit-remaining-subscription-reads": [ "1099" ],
        "x-ms-ratelimit-remaining-subscription-global-reads": [ "16499" ],
        "x-ms-correlation-request-id": [ "8a6dca32-ba34-4e2e-8ea4-4ecdfec17ed7" ],
        "x-ms-routing-request-id": [ "WESTUS:20251029T035710Z:8a6dca32-ba34-4e2e-8ea4-4ecdfec17ed7" ],
        "X-Content-Type-Options": [ "nosniff" ],
        "X-Cache": [ "CONFIG_NOCACHE" ],
        "X-MSEdge-Ref": [ "Ref A: F801C52D9C9D437497113E67D7634327 Ref B: SYD03EDGE2015 Ref C: 2025-10-29T03:57:09Z" ],
        "Date": [ "Wed, 29 Oct 2025 03:57:09 GMT" ]
      },
      "ContentHeaders": {
        "Content-Length": [ "1944" ],
        "Content-Type": [ "application/json; charset=utf-8" ],
        "Expires": [ "-1" ]
      },
      "Content": "{\"id\":\"/subscriptions/27cafca8-b9a4-4264-b399-45d0c9cca1ab/resourcegroups/testps-rg-703f/providers/Microsoft.Network/frontdoorwebapplicationfirewallpolicies/testpsWafpgs5\",\"type\":\"Microsoft.Network/frontdoorwebapplicationfirewallpolicies\",\"name\":\"testpsWafpgs5\",\"location\":\"Global\",\"tags\":{},\"sku\":{\"name\":\"Premium_AzureFrontDoor\"},\"properties\":{\"policySettings\":{\"enabledState\":\"Enabled\",\"mode\":\"Prevention\",\"redirectUrl\":null,\"customBlockResponseStatusCode\":null,\"customBlockResponseBody\":null,\"requestBodyCheck\":\"Disabled\",\"javascriptChallengeExpirationInMinutes\":30,\"captchaExpirationInMinutes\":30,\"logScrubbing\":{\"state\":\"Enabled\",\"scrubbingRules\":[{\"matchVariable\":\"RequestHeaderNames\",\"selectorMatchOperator\":\"EqualsAny\",\"selector\":null,\"state\":\"Enabled\"}]}},\"customRules\":{\"rules\":[{\"name\":\"Rule1\",\"enabledState\":\"Enabled\",\"priority\":2,\"ruleType\":\"MatchRule\",\"rateLimitDurationInMinutes\":1,\"rateLimitThreshold\":null,\"matchConditions\":[{\"matchVariable\":\"RequestHeader\",\"selector\":\"UserAgent\",\"operator\":\"Contains\",\"negateCondition\":false,\"matchValue\":[\"WINDOWS\"],\"transforms\":[\"Uppercase\"]}],\"action\":\"Block\",\"groupBy\":[]}]},\"managedRules\":{\"managedRuleSets\":[{\"ruleSetType\":\"DefaultRuleSet\",\"ruleSetVersion\":\"1.0\",\"ruleSetAction\":null,\"ruleGroupOverrides\":[{\"ruleGroupName\":\"SQLI\",\"rules\":[{\"ruleId\":\"942100\",\"enabledState\":\"Enabled\",\"action\":\"Log\",\"exclusions\":[{\"matchVariable\":\"QueryStringArgNames\",\"selectorMatchOperator\":\"Equals\",\"selector\":\"ExcludeInRule\"}]}],\"exclusions\":[{\"matchVariable\":\"QueryStringArgNames\",\"selectorMatchOperator\":\"Equals\",\"selector\":\"ExcludeInGroup\"}]}],\"exclusions\":[{\"matchVariable\":\"QueryStringArgNames\",\"selectorMatchOperator\":\"Equals\",\"selector\":\"ExcludeInSet\"}]},{\"ruleSetType\":\"BotProtection\",\"ruleSetVersion\":\"preview-0.1\",\"ruleSetAction\":null,\"ruleGroupOverrides\":[],\"exclusions\":[]}]},\"frontendEndpointLinks\":[],\"securityPolicyLinks\":[],\"resourceState\":\"Enabled\",\"provisioningState\":\"Succeeded\"}}",
      "isContentBase64": false
    }
  },
  "Remove-AzFrontDoorWafPolicy+[NoContext]+Delete+$DELETE+https://management.azure.com/subscriptions/27cafca8-b9a4-4264-b399-45d0c9cca1ab/resourceGroups/testps-rg-703f/providers/Microsoft.Network/FrontDoorWebApplicationFirewallPolicies/testpsWafpgs5?api-version=2025-03-01+5": {
    "Request": {
      "Method": "DELETE",
      "RequestUri": "https://management.azure.com/subscriptions/27cafca8-b9a4-4264-b399-45d0c9cca1ab/resourceGroups/testps-rg-703f/providers/Microsoft.Network/FrontDoorWebApplicationFirewallPolicies/testpsWafpgs5?api-version=2025-03-01",
      "Content": null,
      "isContentBase64": false,
      "Headers": {
        "x-ms-unique-id": [ "48" ],
        "x-ms-client-request-id": [ "22294a33-83fa-4cc9-9388-d7ca0dcfcb9c" ],
        "CommandName": [ "Remove-AzFrontDoorWafPolicy" ],
        "FullCommandName": [ "Remove-AzFrontDoorWafPolicy_Delete" ],
        "ParameterSetName": [ "__AllParameterSets" ],
        "User-Agent": [ "AzurePowershell/v13.2.0", "PSVersion/v7.5.3", "Az.FrontDoor/0.1.0" ],
        "Authorization": [ "[Filtered]" ]
      },
      "ContentHeaders": {
      }
    },
    "Response": {
      "StatusCode": 204,
      "Headers": {
        "Cache-Control": [ "no-cache" ],
        "Pragma": [ "no-cache" ],
        "Strict-Transport-Security": [ "max-age=31536000; includeSubDomains" ],
        "x-ms-request-id": [ "7bd989c7-a060-4761-95b9-228fa9d0b3b0" ],
        "x-ms-client-request-id": [ "22294a33-83fa-4cc9-9388-d7ca0dcfcb9c" ],
        "x-ms-operation-identifier": [ "tenantId=72f988bf-86f1-41af-91ab-2d7cd011db47,objectId=2e396a67-4dc1-43ae-afcc-c6747d291866/westus/5fa87534-7a16-428b-ade8-a631b5dcb9ca" ],
        "x-ms-ratelimit-remaining-subscription-deletes": [ "799" ],
        "x-ms-ratelimit-remaining-subscription-global-deletes": [ "11999" ],
        "x-ms-correlation-request-id": [ "374a91a1-af17-4d9d-9c8b-a9cd77c27cb3" ],
        "x-ms-routing-request-id": [ "WESTUS:20251029T035711Z:374a91a1-af17-4d9d-9c8b-a9cd77c27cb3" ],
        "X-Content-Type-Options": [ "nosniff" ],
        "X-Cache": [ "CONFIG_NOCACHE" ],
        "X-MSEdge-Ref": [ "Ref A: 284A42EF777A47A882E70BFA292B52C7 Ref B: SYD03EDGE2015 Ref C: 2025-10-29T03:57:10Z" ],
        "Date": [ "Wed, 29 Oct 2025 03:57:10 GMT" ]
      },
      "ContentHeaders": {
        "Expires": [ "-1" ]
      },
      "Content": null,
      "isContentBase64": false
    }
  }
}